[wbify.com/index.html]
[backblue.gif]
[fade.gif]
[index.html]
[wbify.com/wp-includes/css/dist/block-library/style.min6a4d.css]
[wbify.com/wp-content/themes/hello-elementor/style.minc141.css]
[wbify.com/wp-content/themes/hello-elementor/theme.minc141.css]
[wbify.com/wp-content/plugins/elementor/assets/css/frontend-lite.minf416.css]
[wbify.com/wp-content/uploads/elementor/css/post-494d07.css]
[wbify.com/wp-content/plugins/jetwidgets-for-elementor/cherry-framework/modules/cherry-handler/assets/css/cherry-handler-styles.min8c67.css]
[wbify.com/wp-content/plugins/jetwidgets-for-elementor/assets/css/jet-widgets0718.css]
[wbify.com/wp-content/plugins/jetwidgets-for-elementor/assets/css/jet-widgets-skin0718.css]
[wbify.com/wp-content/plugins/jetwidgets-for-elementor/assets/css/lib/juxtapose/juxtapose6f3e.css]
[wbify.com/wp-content/plugins/elementor/assets/lib/eicons/css/elementor-icons.min3b94.css]
[wbify.com/wp-content/plugins/elementor/assets/lib/swiper/css/swiper.min48f5.css]
[wbify.com/wp-content/plugins/elementor-pro/assets/css/frontend-lite.minf416.css]
[wbify.com/wp-content/uploads/elementor/css/post-96bb8.css]
[wbify.com/wp-content/plugins/elementor/assets/lib/font-awesome/css/fontawesome.min52d5.css]
[wbify.com/wp-content/plugins/elementor/assets/lib/font-awesome/css/solid.min52d5.css]
[wbify.com/wp-includes/js/jquery/jquery.mina7a0.js]
[wbify.com/wp-includes/js/jquery/jquery-migrate.mind617.js]
[wbify.com/comments/feed/index.html]
[wbify.com/wp-json/index.html]
[wbify.com/feed/index.html]
[wbify.com/wp-json/wp/v2/pages/9.json]
[wbify.com/xmlrpc0db0.php]
[wbify.com/wp-includes/wlwmanifest.xml]
[wbify.com/wp-json/oembed/1.0/embedcd0d.json]
[wbify.com/wp-json/oembed/1.0/embedc2ad]
[wbify.com/wp-content/uploads/2022/12/portrait-of-female-owner-of-fashion-store-checking-stock-in-clothing-store-with-digital-tablet-1024x682.jpg]
[wbify.com/wp-content/uploads/2022/12/diagram-v2.png]
[wbify.com/wp-content/uploads/2022/12/messages-2.png]
[wbify.com/wp-content/uploads/2022/12/like-shapes.png]
[wbify.com/wp-content/uploads/2022/12/portrait-of-bike-mechanic-outside-store.jpg]
[wbify.com/wp-content/uploads/2022/12/online-store-of-christmas-goods.jpg]
[wbify.com/wp-content/uploads/2022/12/female-seller-scanning-ecommerce-shipping-box-in-dropshipping-warehouse-.jpg]
[wbify.com/wp-content/uploads/2022/12/process-1.png]
[wbify.com/wp-content/uploads/2022/12/process03.png]
[wbify.com/wp-content/uploads/2022/12/process02.png]
[wbify.com/wp-content/uploads/2022/12/process01.png]
[wbify.com/wp-content/plugins/elementor/assets/lib/animations/animations.minf416.css]
[wbify.com/classic-theme-styles.css]
[wbify.com/global-styles.css]
[wbify.com/hello-elementor.css]
[wbify.com/hello-elementor-theme-style.css]
[wbify.com/elementor-post-49.css]
[wbify.com/cherry-handler-css.css]
[wbify.com/jet-widgets.css]
[wbify.com/jet-widgets-skin.css]
[wbify.com/jet-juxtapose-css.css]
[wbify.com/elementor-icons.css]
[wbify.com/elementor-frontend.css]
[wbify.com/swiper.css]
[wbify.com/elementor-pro.css]
[wbify.com/elementor-post-9.css]
[wbify.com/google-fonts-1.css]
[wbify.com/hello-theme-frontend.js]
[wbify.com/wp-content/plugins/jetwidgets-for-elementor/cherry-framework/modules/cherry-js-core/assets/js/min/cherry-js-core.min8c67.js]
[wbify.com/wp-content/themes/hello-elementor/assets/js/hello-frontend.min8a54.js]
[wbify.com/wp-content/plugins/jetwidgets-for-elementor/cherry-framework/modules/cherry-handler/assets/js/min/cherry-handler.min8c67.js]
[wbify.com/wp-content/plugins/elementor-pro/assets/js/webpack-pro.runtime.minf416.js]
[wbify.com/wp-content/plugins/elementor/assets/js/webpack.runtime.minf416.js]
[wbify.com/wp-content/plugins/elementor/assets/js/frontend-modules.minf416.js]
[wbify.com/wp-includes/js/dist/vendor/regenerator-runtime.min3937.js]
[wbify.com/wp-includes/js/dist/vendor/wp-polyfill.min2c7c.js]
[wbify.com/wp-includes/js/dist/hooks.min6c65.js]
[wbify.com/wp-includes/js/dist/i18n.mine57b.js]
[wbify.com/wp-content/plugins/elementor-pro/assets/js/frontend.minf416.js]
[wbify.com/wp-content/plugins/elementor/assets/lib/waypoints/waypoints.min05da.js]
[wbify.com/wp-includes/js/jquery/ui/core.min3f14.js]
[wbify.com/wp-content/plugins/elementor/assets/js/frontend.minf416.js]
[wbify.com/wp-content/plugins/elementor-pro/assets/js/elements-handlers.minf416.js]
[wbify.com/index.html]
[wbify.com/wp-includes/css/dist/block-library/style.min6a4d.css]
[wbify.com/wp-includes/css/classic-themes.min68b3.css]
[wbify.com/wp-content/themes/hello-elementor/style.minc141.css]
[wbify.com/wp-content/themes/hello-elementor/theme.minc141.css]
[wbify.com/wp-content/plugins/elementor/assets/css/frontend-lite.minf416.css]
[wbify.com/wp-content/uploads/elementor/css/post-494d07.css]
[wbify.com/wp-content/plugins/jetwidgets-for-elementor/cherry-framework/modules/cherry-handler/assets/css/cherry-handler-styles.min8c67.css]
[wbify.com/wp-content/plugins/jetwidgets-for-elementor/assets/css/jet-widgets0718.css]
[wbify.com/wp-content/plugins/jetwidgets-for-elementor/assets/css/jet-widgets-skin0718.css]
[wbify.com/wp-content/plugins/jetwidgets-for-elementor/assets/css/lib/juxtapose/juxtapose6f3e.css]
[wbify.com/wp-content/plugins/jetwidgets-for-elementor/assets/js/jet-widgets0718.js]
[wbify.com/wp-content/plugins/elementor/assets/lib/eicons/fonts/eiconsd6bb.woff2]
[wbify.com/wp-content/plugins/elementor/assets/lib/eicons/fonts/eiconsd6bb.eot]
[wbify.com/wp-content/plugins/elementor/assets/lib/eicons/fonts/eiconsd6bb.woff]
[wbify.com/wp-content/plugins/elementor/assets/lib/eicons/css/elementor-icons.min3b94.css]
[wbify.com/wp-content/plugins/elementor/assets/lib/swiper/css/swiper.min48f5.css]
[wbify.com/wp-content/plugins/elementor-pro/assets/css/frontend-lite.minf416.css]
[wbify.com/wp-content/uploads/elementor/css/post-96bb8.css]
[wbify.com/wp-content/plugins/elementor/assets/lib/font-awesome/css/fontawesome.min52d5.css]
[wbify.com/wp-content/plugins/elementor/assets/lib/eicons/fonts/eiconsd6bb.ttf]
[wbify.com/wp-content/plugins/elementor/assets/lib/eicons/fonts/eiconsd6bb.svg]
[wbify.com/wp-content/plugins/elementor/assets/lib/font-awesome/webfonts/fa-solid-900d41d.eot]
[wbify.com/wp-content/plugins/elementor/assets/lib/font-awesome/webfonts/fa-solid-900.woff2]
[wbify.com/wp-content/plugins/elementor/assets/lib/font-awesome/webfonts/fa-solid-900.eot]
[wbify.com/wp-content/plugins/elementor/assets/lib/font-awesome/webfonts/fa-solid-900.woff]
[wbify.com/wp-content/plugins/elementor/assets/lib/font-awesome/webfonts/fa-solid-900.ttf]
[wbify.com/wp-content/plugins/elementor/assets/lib/font-awesome/css/solid.min52d5.css]
[wbify.com/wp-includes/js/jquery/jquery.mina7a0.js]
[wbify.com/wp-includes/js/jquery/jquery-migrate.mind617.js]
[wbify.com/wp-content/plugins/elementor/assets/lib/animations/animations.minf416.css]
[wbify.com/classic-theme-styles.html]
[wbify.com/global-styles.html]
[wbify.com/hello-elementor.html]
[wbify.com/hello-elementor-theme-style.html]
[wbify.com/elementor-post-49.html]
[wbify.com/cherry-handler-css.html]
[wbify.com/jet-widgets.html]
[wbify.com/jet-widgets-skin.html]
[wbify.com/jet-juxtapose-css.html]
[wbify.com/elementor-icons.html]
[wbify.com/elementor-frontend.html]
[wbify.com/swiper.html]
[wbify.com/elementor-pro.html]
[wbify.com/elementor-post-9.html]
[wbify.com/google-fonts-1.html]
[wbify.com/hello-theme-frontend.html]
[wbify.com/wp-content/plugins/jetwidgets-for-elementor/cherry-framework/modules/cherry-js-core/assets/js/min/cherry-js-core.min8c67.js]
[wbify.com/wp-content/themes/hello-elementor/assets/js/hello-frontend.min8a54.js]
[wbify.com/wp-content/plugins/jetwidgets-for-elementor/cherry-framework/modules/cherry-handler/assets/js/min/cherry-handler.min8c67.js]
[wbify.com/wp-content/plugins/elementor-pro/assets/js/webpack-pro.runtime.minf416.js]
[wbify.com/wp-content/plugins/elementor/assets/js/webpack.runtime.minf416.js]
[wbify.com/wp-content/plugins/elementor/assets/js/frontend-modules.minf416.js]
[wbify.com/wp-includes/js/dist/vendor/regenerator-runtime.min3937.js]
[wbify.com/wp-includes/js/dist/vendor/wp-polyfill.min2c7c.js]
[wbify.com/wp-includes/js/dist/hooks.min6c65.js]
[wbify.com/wp-includes/js/dist/i18n.mine57b.js]
[wbify.com/wp-content/plugins/elementor-pro/assets/js/frontend.minf416.js]
[wbify.com/wp-content/plugins/elementor/assets/lib/waypoints/waypoints.min05da.js]
[wbify.com/wp-includes/js/jquery/ui/core.min3f14.js]
[wbify.com/wp-content/plugins/elementor/assets/lib/font-awesome/webfonts/fa-solid-900.svg]
[wbify.com/-negative.svg]
[wbify.com/wp-content/plugins/elementor/assets/js/frontend.minf416.js]
[wbify.com/wp-content/plugins/elementor-pro/assets/js/elements-handlers.minf416.js]
[wbify.com/wp-content/plugins/jetwidgets-for-elementor/assets/js/jet-widgets0718.js]
[wbify.com/wp-content/plugins/elementor/assets/lib/eicons/fonts/eiconsd6bb.svg]
[wbify.com/wp-content/plugins/elementor/assets/lib/font-awesome/webfonts/fa-solid-900.svg]
[wbify.com/-negative.html]
[wbify.com/OPR/index.html]
[wbify.com/OPR/index.html]
